
The default interactive shell is now zsh.
To update your account to use zsh, please run `chsh -s /bin/zsh`.
For more details, please visit https://support.apple.com/kb/HT208050.
]0;~/Dropbox/Career/Professional Development/website/Web_portfolio_tutorial[?1034h[36mluke[m@[32mdhcp-v027-087:[33;1m~/Dropbox/Career/Professional Development/website/Web_portfolio_tutorial[m$ ll
total 12
-rw-r--r-- 1 luke staff  225 Nov 16 10:47 Web_portfolio_tutorial.Rproj
-rw-r--r-- 1 luke staff 1004 Nov 16 10:47 config.toml
drwxr-xr-x 4 luke staff  128 Nov 16 10:47 [0m[01;34mcontent[0m
-rw-r--r-- 1 luke staff   39 Nov 16 10:47 index.Rmd
drwxr-xr-x 3 luke staff   96 Nov 16 10:47 [01;34mresources[0m
drwxr-xr-x 3 luke staff   96 Nov 16 10:47 [01;34mstatic[0m
drwxr-xr-x 3 luke staff   96 Nov 16 10:47 [01;34mthemes[0m
]0;~/Dropbox/Career/Professional Development/website/Web_portfolio_tutorial[36mluke[m@[32mdhcp-v027-087:[33;1m~/Dropbox/Career/Professional Development/website/Web_portfolio_tutorial[m$ echo "# Text to put  in README" >> README.md
]0;~/Dropbox/Career/Professional Development/website/Web_portfolio_tutorial[36mluke[m@[32mdhcp-v027-087:[33;1m~/Dropbox/Career/Professional Development/website/Web_portfolio_tutorial[m$ ll
total 16
-rw-r--r-- 1 luke staff   24 Nov 16 10:56 README.md
-rw-r--r-- 1 luke staff  225 Nov 16 10:47 Web_portfolio_tutorial.Rproj
-rw-r--r-- 1 luke staff 1004 Nov 16 10:47 config.toml
drwxr-xr-x 4 luke staff  128 Nov 16 10:47 [0m[01;34mcontent[0m
-rw-r--r-- 1 luke staff   39 Nov 16 10:47 index.Rmd
drwxr-xr-x 3 luke staff   96 Nov 16 10:47 [01;34mresources[0m
drwxr-xr-x 3 luke staff   96 Nov 16 10:47 [01;34mstatic[0m
drwxr-xr-x 3 luke staff   96 Nov 16 10:47 [01;34mthemes[0m
]0;~/Dropbox/Career/Professional Development/website/Web_portfolio_tutorial[36mluke[m@[32mdhcp-v027-087:[33;1m~/Dropbox/Career/Professional Development/website/Web_portfolio_tutorial[m$ git init
xcrun: error: invalid active developer path (/Library/Developer/CommandLineTools), missing xcrun at: /Library/Developer/CommandLineTools/usr/bin/xcrun
]0;~/Dropbox/Career/Professional Development/website/Web_portfolio_tutorial[36mluke[m@[32mdhcp-v027-087:[33;1m~/Dropbox/Career/Professional Development/website/Web_portfolio_tutorial[m$ xcode-select --inst all
xcode-select: note: install requested for command line developer tools
]0;~/Dropbox/Career/Professional Development/website/Web_portfolio_tutorial[36mluke[m@[32mdhcp-v027-087:[33;1m~/Dropbox/Career/Professional Development/website/Web_portfolio_tutorial[m$ xcode-select --instaall[A[36mluke[m@[32mdhcp-v027-087:[33;1m~/Dropbox/Career/Professional Development/website/Web_portfolio_tutorial[m$ [11Pgit init
[K[A[C[C[C[C[C[C[C[C[C[C[C[C[C[C[C[C[C[C[C[C[C[C[C[C[C[C[C[C[C[C[C[C[C[C[C[C[C[C[C[C[C[C[C[C[C[C[C[C[C[C[C[C[C[C[C[C[C[C[C[C[C[C[C[C[C[C[C[C[C[C[C[C[C[C[C[C[C[C[C[C[C[C[C[C[C[C[C[C[C[C[C[C[C[C[C[C[C[C[C[C[C
Initialized empty Git repository in /Users/luke/Dropbox/Career/Professional Development/website/Web_portfolio_tutorial/.git/
]0;~/Dropbox/Career/Professional Development/website/Web_portfolio_tutorial[36mluke[m@[32mdhcp-v027-087:[33;1m~/Dropbox/Career/Professional Development/website/Web_portfolio_tutorial[m$ git initxcode-select --instaall[A[36mluke[m@[32mdhcp-v027-087:[33;1m~/Dropbox/Career/Professional Development/website/Web_portfolio_tutorial[m$ [11Pgit init
[K[A[C[C[C[C[C[C[C[C[C[C[C[C[C[C[C[C[C[C[C[C[C[C[C[C[C[C[C[C[C[C[C[C[C[C[C[C[C[C[C[C[C[C[C[C[C[C[C[C[C[C[C[C[C[C[C[C[C[C[C[C[C[C[C[C[C[C[C[C[C[C[C[C[C[C[C[C[C[C[C[C[C[C[C[C[C[C[C[C[C[C[C[C[C[C[C[C[C[C[C[C[C[Kgit add .
]0;~/Dropbox/Career/Professional Development/website/Web_portfolio_tutorial[36mluke[m@[32mdhcp-v027-087:[33;1m~/Dropbox/Career/Professional Development/website/Web_portfolio_tutorial[m$ git commit -m "firs t commit"
[master (root-commit) 5fe76d4] first commit
 48 files changed, 996 insertions(+)
 create mode 100644 .Rproj.user/77CFCD57/console06/48455EAF
 create mode 100644 .Rproj.user/77CFCD57/console06/48455EAF.env
 create mode 100644 .Rproj.user/77CFCD57/console06/INDEX001
 create mode 100644 .Rproj.user/77CFCD57/sources/prop/4E179002
 create mode 100644 .Rproj.user/77CFCD57/sources/prop/INDEX
 create mode 100644 .Rproj.user/77CFCD57/sources/s-A959D92C/D81A9B2B
 create mode 100644 .Rproj.user/77CFCD57/sources/s-A959D92C/D81A9B2B-contents
 create mode 100644 .Rproj.user/77CFCD57/sources/s-A959D92C/lock_file
 create mode 100644 .Rproj.user/shared/notebooks/patch-chunk-names
 create mode 100644 README.md
 create mode 100644 Web_portfolio_tutorial.Rproj
 create mode 100644 config.toml
 create mode 100644 content/about.md
 create mode 100644 content/post/2015-01-01-lorem-ipsum.md
 create mode 100644 content/post/2015-07-23-r-rmarkdown.Rmd
 create mode 100644 content/post/2016-12-30-hello-markdown.md
 create mode 100644 index.Rmd
 create mode 100644 static/.gitkeep
 create mode 100644 themes/hugo-lithium/.gitignore
 create mode 100644 themes/hugo-lithium/LICENSE.md
 create mode 100644 themes/hugo-lithium/README.md
 create mode 100644 themes/hugo-lithium/archetypes/default.md
 create mode 100644 themes/hugo-lithium/exampleSite/config.toml
 create mode 100644 themes/hugo-lithium/exampleSite/content/about.md
 create mode 100644 themes/hugo-lithium/exampleSite/content/post/2015-01-01-lorem-ipsum.md
 create mode 100644 themes/hugo-lithium/exampleSite/content/post/2016-12-30-hello-markdown.md
 create mode 100644 themes/hugo-lithium/exampleSite/static/.gitkeep
 create mode 100644 themes/hugo-lithium/layouts/_default/list.html
 create mode 100644 themes/hugo-lithium/layouts/_default/single.html
 create mode 100644 themes/hugo-lithium/layouts/partials/disqus.html
 create mode 100644 themes/hugo-lithium/layouts/partials/footer.html
 create mode 100644 themes/hugo-lithium/layouts/partials/footer_highlightjs.html
 create mode 100644 themes/hugo-lithium/layouts/partials/footer_mathjax.html
 create mode 100644 themes/hugo-lithium/layouts/partials/head.html
 create mode 100644 themes/hugo-lithium/layouts/partials/head_custom.html
 create mode 100644 themes/hugo-lithium/layouts/partials/head_highlightjs.html
 create mode 100644 themes/hugo-lithium/layouts/partials/header.html
 create mode 100644 themes/hugo-lithium/layouts/partials/nav.html
 create mode 100644 themes/hugo-lithium/static/css/fonts.css
 create mode 100644 themes/hugo-lithium/static/css/main.css
 create mode 100644 themes/hugo-lithium/static/favicon.ico
 create mode 100644 themes/hugo-lithium/static/fonts/lato-v11-latin-regular.woff
 create mode 100644 themes/hugo-lithium/static/fonts/lato-v11-latin-regular.woff2
 create mode 100644 themes/hugo-lithium/static/fonts/merriweather-v13-latin-regular.woff
 create mode 100644 themes/hugo-lithium/static/fonts/merriweather-v13-latin-regular.woff2
 create mode 100644 themes/hugo-lithium/static/images/hugo-logo.png
 create mode 100644 themes/hugo-lithium/static/images/logo.png
 create mode 100644 themes/hugo-lithium/static/js/math-code.js
]0;~/Dropbox/Career/Professional Development/website/Web_portfolio_tutorial[36mluke[m@[32mdhcp-v027-087:[33;1m~/Dropbox/Career/Professional Development/website/Web_portfolio_tutorial (master)[m$ [K[36mluke[m@[32mdhcp-v027-087:[33;1m~/Dropbox/Career/Professional Development/website/Web_portfolio_tutorial (master)[m$ [K[36mluke[m@[32mdhcp-v027-087:[33;1m~/Dropbox/Career/Professional Development/website/Web_portfolio_tutorial (master)[m$ git commit -m "first commmit"[A[36mluke[m@[32mdhcp-v027-087:[33;1m~/Dropbox/Career/Professional Development/website/Web_portfolio_tutorial (master)[m$ [K
[K[A[C[C[C[C[C[C[C[C[C[C[C[C[C[C[C[C[C[C[C[C[C[C[C[C[C[C[C[C[C[C[C[C[C[C[C[C[C[C[C[C[C[C[C[C[C[C[C[C[C[C[C[C[C[C[C[C[C[C[C[C[C[C[C[C[C[C[C[C[C[C[C[C[C[C[C[C[C[C[C[C[C[C[C[C[C[C[C[C[C[C[C[C[C[C[C[C[C[C[C[C[C[C[K[36mluke[m@[32mdhcp-v027-087:[33;1m~/Dropbox/Career/Professional Development/website/Web_portfolio_tutorial (master)[m$ git commit -m "first commit"[Kgit remote add origin https://github. com/lewkrr/web_portfolio.git
]0;~/Dropbox/Career/Professional Development/website/Web_portfolio_tutorial[36mluke[m@[32mdhcp-v027-087:[33;1m~/Dropbox/Career/Professional Development/website/Web_portfolio_tutorial (master)[m$ git push -u origin master
remote: Invalid username or password.
fatal: Authentication failed for 'https://github.com/lewkrr/web_portfolio.git/'
]0;~/Dropbox/Career/Professional Development/website/Web_portfolio_tutorial[36mluke[m@[32mdhcp-v027-087:[33;1m~/Dropbox/Career/Professional Development/website/Web_portfolio_tutorial (master)[m$ git push -u origin masterremote add origin https://github.ccom/lewkrr/web_portfolio.git[A[36mluke[m@[32mdhcp-v027-087:[33;1m~/Dropbox/Career/Professional Development/website/Web_portfolio_tutorial (master)[m$ [C[C[C[C[12Ppush -u origin master
[K[A[C[C[C[C[C[C[C[C[C[C[C[C[C[C[C[C[C[C[C[C[C[C[C[C[C[C[C[C[C[C[C[C[C[C[C[C[C[C[C[C[C[C[C[C[C[C[C[C[C[C[C[C[C[C[C[C[C[C[C[C[C[C[C[C[C[C[C[C[C[C[C[C[C[C[C[C[C[C[C[C[C[C[C[C[C[C[C[C[C[C[C[C[C[C[C[C[C[C[C[C[C[C[C[C[C[C[C[C[C[C[C[C[C[C[C[C[C[C[C[C[C[C[C[C[C[C[C
error: cannot run rpostback-askpass: No such file or directory
Username for 'https://github.com': lklei     lewkrr
error: cannot run rpostback-askpass: No such file or directory
Password for 'https://lewkrr@github.com': 
remote: Invalid username or password.
fatal: Authentication failed for 'https://github.com/lewkrr/web_portfolio.git/'
]0;~/Dropbox/Career/Professional Development/website/Web_portfolio_tutorial[36mluke[m@[32mdhcp-v027-087:[33;1m~/Dropbox/Career/Professional Development/website/Web_portfolio_tutorial (master)[m$ git push -u origin master
error: cannot run rpostback-askpass: No such file or directory
Username for 'https://github.com': lewkrr
error: cannot run rpostback-askpass: No such file or directory
Password for 'https://lewkrr@github.com': 
To https://github.com/lewkrr/web_portfolio.git
 [31m! [rejected]       [m master -> master (fetch first)
[31merror: failed to push some refs to 'https://github.com/lewkrr/web_portfolio.git'
[m[33mhint: Updates were rejected because the remote contains work that you do[m
[33mhint: not have locally. This is usually caused by another repository pushing[m
[33mhint: to the same ref. You may want to first integrate the remote changes[m
[33mhint: (e.g., 'git pull ...') before pushing again.[m
[33mhint: See the 'Note about fast-forwards' in 'git push --help' for details.[m
]0;~/Dropbox/Career/Professional Development/website/Web_portfolio_tutorial[36mluke[m@[32mdhcp-v027-087:[33;1m~/Dropbox/Career/Professional Development/website/Web_portfolio_tutorial (master)[m$ git push -u origin master[K[K[K[K[K[K[K[K[K[K[K[K[K[K[K[K[K[K[K[Kull
warning: no common commits
remote: Enumerating objects: 3, done.[K
remote: Counting objects:  33% (1/3)[Kremote: Counting objects:  66% (2/3)[Kremote: Counting objects: 100% (3/3)[Kremote: Counting objects: 100% (3/3), done.[K
remote: Total 3 (delta 0), reused 0 (delta 0), pack-reused 0[K
Unpacking objects:  33% (1/3)   Unpacking objects:  66% (2/3)   Unpacking objects: 100% (3/3)   Unpacking objects: 100% (3/3), done.
From https://github.com/lewkrr/web_portfolio
 * [new branch]      master     -> origin/master
There is no tracking information for the current branch.
Please specify which branch you want to merge with.
See git-pull(1) for details.

    git pull <remote> <branch>

If you wish to set tracking information for this branch you can do so with:

    git branch --set-upstream-to=origin/<branch> master

]0;~/Dropbox/Career/Professional Development/website/Web_portfolio_tutorial[36mluke[m@[32mdhcp-v027-087:[33;1m~/Dropbox/Career/Professional Development/website/Web_portfolio_tutorial (master)[m$ git pullsh -u origin master
To https://github.com/lewkrr/web_portfolio.git
 [31m! [rejected]       [m master -> master (non-fast-forward)
[31merror: failed to push some refs to 'https://github.com/lewkrr/web_portfolio.git'
[m[33mhint: Updates were rejected because the tip of your current branch is behind[m
[33mhint: its remote counterpart. Integrate the remote changes (e.g.[m
[33mhint: 'git pull ...') before pushing again.[m
[33mhint: See the 'Note about fast-forwards' in 'git push --help' for details.[m
]0;~/Dropbox/Career/Professional Development/website/Web_portfolio_tutorial[36mluke[m@[32mdhcp-v027-087:[33;1m~/Dropbox/Career/Professional Development/website/Web_portfolio_tutorial (master)[m$ git push -u origin masterll[Ksh -u origin masterremote add origin https://github.ccom/lewkrr/web_portfolio.git[A[36mluke[m@[32mdhcp-v027-087:[33;1m~/Dropbox/Career/Professional Development/website/Web_portfolio_tutorial (master)[m$ [C[C[C[C[9Pcommit -m "first commit"
[K[A[C[C[C[C[C[C[C[C[C[C[C[C[C[C[C[C[C[C[C[C[C[C[C[C[C[C[C[C[C[C[C[C[C[C[C[C[C[C[C[C[C[C[C[C[C[C[C[C[C[C[C[C[C[C[C[C[C[C[C[C[C[C[C[C[C[C[C[C[C[C[C[C[C[C[C[C[C[C[C[C[C[C[C[C[C[C[C[C[C[C[C[C[C[C[C[C[C[C[C[C[C[C[C[C[C[C[C[C[C[C[C[C[C[C[C[C[C[C[C[C[C[C[C[C[C[C[C[C[C[Cadd .[K
]0;~/Dropbox/Career/Professional Development/website/Web_portfolio_tutorial[36mluke[m@[32mdhcp-v027-087:[33;1m~/Dropbox/Career/Professional Development/website/Web_portfolio_tutorial (master)[m$ git add .push -u origin masterll[Ksh -u origin masterremote add origin https://github.ccom/lewkrr/web_portfolio.git[A[36mluke[m@[32mdhcp-v027-087:[33;1m~/Dropbox/Career/Professional Development/website/Web_portfolio_tutorial (master)[m$ [C[C[C[C[9Pcommit -m "first commit"
[K[A[C[C[C[C[C[C[C[C[C[C[C[C[C[C[C[C[C[C[C[C[C[C[C[C[C[C[C[C[C[C[C[C[C[C[C[C[C[C[C[C[C[C[C[C[C[C[C[C[C[C[C[C[C[C[C[C[C[C[C[C[C[C[C[C[C[C[C[C[C[C[C[C[C[C[C[C[C[C[C[C[C[C[C[C[C[C[C[C[C[C[C[C[C[C[C[C[C[C[C[C[C[C[C[C[C[C[C[C[C[C[C[C[C[C[C[C[C[C[C[C[C[C[C[C[C[C[C[C[C[C "2"
[master 1d876ae] first commit 2
 2 files changed, 106 insertions(+), 1 deletion(-)
]0;~/Dropbox/Career/Professional Development/website/Web_portfolio_tutorial[36mluke[m@[32mdhcp-v027-087:[33;1m~/Dropbox/Career/Professional Development/website/Web_portfolio_tutorial (master)[m$ git commit -m "first commit 2"add .[Kpush -u origin master
To https://github.com/lewkrr/web_portfolio.git
 [31m! [rejected]       [m master -> master (non-fast-forward)
[31merror: failed to push some refs to 'https://github.com/lewkrr/web_portfolio.git'
[m[33mhint: Updates were rejected because the tip of your current branch is behind[m
[33mhint: its remote counterpart. Integrate the remote changes (e.g.[m
[33mhint: 'git pull ...') before pushing again.[m
[33mhint: See the 'Note about fast-forwards' in 'git push --help' for details.[m
]0;~/Dropbox/Career/Professional Development/website/Web_portfolio_tutorial[36mluke[m@[32mdhcp-v027-087:[33;1m~/Dropbox/Career/Professional Development/website/Web_portfolio_tutorial (master)[m$ git push -u origin mastercommit -m "first commit 2"add .[Kpush -u origin masterll[K
remote: Enumerating objects: 3, done.[K
remote: Counting objects:  33% (1/3)[Kremote: Counting objects:  66% (2/3)[Kremote: Counting objects: 100% (3/3)[Kremote: Counting objects: 100% (3/3), done.[K
remote: Total 2 (delta 0), reused 0 (delta 0), pack-reused 0[K
Unpacking objects:  50% (1/2)   Unpacking objects: 100% (2/2)   Unpacking objects: 100% (2/2), done.
From https://github.com/lewkrr/web_portfolio
   a7ac183..644e49a  master     -> origin/master
There is no tracking information for the current branch.
Please specify which branch you want to merge with.
See git-pull(1) for details.

    git pull <remote> <branch>

If you wish to set tracking information for this branch you can do so with:

    git branch --set-upstream-to=origin/<branch> master

]0;~/Dropbox/Career/Professional Development/website/Web_portfolio_tutorial[36mluke[m@[32mdhcp-v027-087:[33;1m~/Dropbox/Career/Professional Development/website/Web_portfolio_tutorial (master)[m$ git pullsh -u origin mastercommit -m "first commit 2"add .[Kpush -u origin masterll[Ksh -u origin masteradd .[K
]0;~/Dropbox/Career/Professional Development/website/Web_portfolio_tutorial[36mluke[m@[32mdhcp-v027-087:[33;1m~/Dropbox/Career/Professional Development/website/Web_portfolio_tutorial (master)[m$ git add .[1Ppullsh -u origin master
To https://github.com/lewkrr/web_portfolio.git
 [31m! [rejected]       [m master -> master (non-fast-forward)
[31merror: failed to push some refs to 'https://github.com/lewkrr/web_portfolio.git'
[m[33mhint: Updates were rejected because the tip of your current branch is behind[m
[33mhint: its remote counterpart. Integrate the remote changes (e.g.[m
[33mhint: 'git pull ...') before pushing again.[m
[33mhint: See the 'Note about fast-forwards' in 'git push --help' for details.[m
]0;~/Dropbox/Career/Professional Development/website/Web_portfolio_tutorial[36mluke[m@[32mdhcp-v027-087:[33;1m~/Dropbox/Career/Professional Development/website/Web_portfolio_tutorial (master)[m$ git push -u origin masteradd .[K[1Ppullsh -u origin mastercommit -m "first commit 2"add .[Kcommit -m "first commit 2"
[master 0ebc95a] first commit 2
 1 file changed, 30 insertions(+)
]0;~/Dropbox/Career/Professional Development/website/Web_portfolio_tutorial[36mluke[m@[32mdhcp-v027-087:[33;1m~/Dropbox/Career/Professional Development/website/Web_portfolio_tutorial (master)[m$ git commit -m "first commit 2"[5Ppush -u origin masteradd .[K[1Ppulladd .
]0;~/Dropbox/Career/Professional Development/website/Web_portfolio_tutorial[36mluke[m@[32mdhcp-v027-087:[33;1m~/Dropbox/Career/Professional Development/website/Web_portfolio_tutorial (master)[m$ git add .commit -m "first commit 2"[5Ppush -u origin masteradd .[K[1Ppullsh -u origin masterll[K
There is no tracking information for the current branch.
Please specify which branch you want to merge with.
See git-pull(1) for details.

    git pull <remote> <branch>

If you wish to set tracking information for this branch you can do so with:

    git branch --set-upstream-to=origin/<branch> master

]0;~/Dropbox/Career/Professional Development/website/Web_portfolio_tutorial[36mluke[m@[32mdhcp-v027-087:[33;1m~/Dropbox/Career/Professional Development/website/Web_portfolio_tutorial (master)[m$ git pulladd .commit -m "first commit 2"add .[K
]0;~/Dropbox/Career/Professional Development/website/Web_portfolio_tutorial[36mluke[m@[32mdhcp-v027-087:[33;1m~/Dropbox/Career/Professional Development/website/Web_portfolio_tutorial (master)[m$ git add .[1Ppulladd .commit -m "first commit 2"[5Ppush -u origin mastercommit -m "first commit 2"[C[1P2"12" 12"
[master 80c2a0d] first commit 12
 1 file changed, 24 insertions(+)
]0;~/Dropbox/Career/Professional Development/website/Web_portfolio_tutorial[36mluke[m@[32mdhcp-v027-087:[33;1m~/Dropbox/Career/Professional Development/website/Web_portfolio_tutorial (master)[m$ git commit -m "first commit 12"add .[K[1Ppulladd .commit -m "first commit 2"[5Ppush -u origin master
To https://github.com/lewkrr/web_portfolio.git
 [31m! [rejected]       [m master -> master (non-fast-forward)
[31merror: failed to push some refs to 'https://github.com/lewkrr/web_portfolio.git'
[m[33mhint: Updates were rejected because the tip of your current branch is behind[m
[33mhint: its remote counterpart. Integrate the remote changes (e.g.[m
[33mhint: 'git pull ...') before pushing again.[m
[33mhint: See the 'Note about fast-forwards' in 'git push --help' for details.[m
]0;~/Dropbox/Career/Professional Development/website/Web_portfolio_tutorial[36mluke[m@[32mdhcp-v027-087:[33;1m~/Dropbox/Career/Professional Development/website/Web_portfolio_tutorial (master)[m$ git push -u origin mastercommit -m "first commit 12"[6Ppush -u origin master[K[K[K[K[K[K[K[K[K[K[K[K[K[K[K-force
fatal: The current branch master has no upstream branch.
To push the current branch and set the remote as upstream, use

    git push --set-upstream origin master

]0;~/Dropbox/Career/Professional Development/website/Web_portfolio_tutorial[36mluke[m@[32mdhcp-v027-087:[33;1m~/Dropbox/Career/Professional Development/website/Web_portfolio_tutorial (master)[m$ git push --forceu origin master[C[1@ [1@-[1@-[1@f[1@o[1@r[1@c[1@e[C[1@ 
Enumerating objects: 88, done.
Counting objects:   1% (1/88)   Counting objects:   2% (2/88)   Counting objects:   3% (3/88)   Counting objects:   4% (4/88)   Counting objects:   5% (5/88)   Counting objects:   6% (6/88)   Counting objects:   7% (7/88)   Counting objects:   9% (8/88)   Counting objects:  10% (9/88)   Counting objects:  11% (10/88)   Counting objects:  12% (11/88)   Counting objects:  13% (12/88)   Counting objects:  14% (13/88)   Counting objects:  15% (14/88)   Counting objects:  17% (15/88)   Counting objects:  18% (16/88)   Counting objects:  19% (17/88)   Counting objects:  20% (18/88)   Counting objects:  21% (19/88)   Counting objects:  22% (20/88)   Counting objects:  23% (21/88)   Counting objects:  25% (22/88)   Counting objects:  26% (23/88)   Counting objects:  27% (24/88)   Counting objects:  28% (25/88)   Counting objects:  29% (26/88)   Counting objects:  30% (27/88)   Counting objects:  31% (28/88)   Counting objects:  32% (29/88)   Counting objects:  34% (30/88)   Counting objects:  35% (31/88)   Counting objects:  36% (32/88)   Counting objects:  37% (33/88)   Counting objects:  38% (34/88)   Counting objects:  39% (35/88)   Counting objects:  40% (36/88)   Counting objects:  42% (37/88)   Counting objects:  43% (38/88)   Counting objects:  44% (39/88)   Counting objects:  45% (40/88)   Counting objects:  46% (41/88)   Counting objects:  47% (42/88)   Counting objects:  48% (43/88)   Counting objects:  50% (44/88)   Counting objects:  51% (45/88)   Counting objects:  52% (46/88)   Counting objects:  53% (47/88)   Counting objects:  54% (48/88)   Counting objects:  55% (49/88)   Counting objects:  56% (50/88)   Counting objects:  57% (51/88)   Counting objects:  59% (52/88)   Counting objects:  60% (53/88)   Counting objects:  61% (54/88)   Counting objects:  62% (55/88)   Counting objects:  63% (56/88)   Counting objects:  64% (57/88)   Counting objects:  65% (58/88)   Counting objects:  67% (59/88)   Counting objects:  68% (60/88)   Counting objects:  69% (61/88)   Counting objects:  70% (62/88)   Counting objects:  71% (63/88)   Counting objects:  72% (64/88)   Counting objects:  73% (65/88)   Counting objects:  75% (66/88)   Counting objects:  76% (67/88)   Counting objects:  77% (68/88)   Counting objects:  78% (69/88)   Counting objects:  79% (70/88)   Counting objects:  80% (71/88)   Counting objects:  81% (72/88)   Counting objects:  82% (73/88)   Counting objects:  84% (74/88)   Counting objects:  85% (75/88)   Counting objects:  86% (76/88)   Counting objects:  87% (77/88)   Counting objects:  88% (78/88)   Counting objects:  89% (79/88)   Counting objects:  90% (80/88)   Counting objects:  92% (81/88)   Counting objects:  93% (82/88)   Counting objects:  94% (83/88)   Counting objects:  95% (84/88)   Counting objects:  96% (85/88)   Counting objects:  97% (86/88)   Counting objects:  98% (87/88)   Counting objects: 100% (88/88)   Counting objects: 100% (88/88), done.
Delta compression using up to 4 threads
Compressing objects:   1% (1/76)   Compressing objects:   2% (2/76)   Compressing objects:   3% (3/76)   Compressing objects:   5% (4/76)   Compressing objects:   6% (5/76)   Compressing objects:   7% (6/76)   Compressing objects:   9% (7/76)   Compressing objects:  10% (8/76)   Compressing objects:  11% (9/76)   Compressing objects:  13% (10/76)   Compressing objects:  14% (11/76)   Compressing objects:  15% (12/76)   Compressing objects:  17% (13/76)   Compressing objects:  18% (14/76)   Compressing objects:  19% (15/76)   Compressing objects:  21% (16/76)   Compressing objects:  22% (17/76)   Compressing objects:  23% (18/76)   Compressing objects:  25% (19/76)   Compressing objects:  26% (20/76)   Compressing objects:  27% (21/76)   Compressing objects:  28% (22/76)   Compressing objects:  30% (23/76)   Compressing objects:  31% (24/76)   Compressing objects:  32% (25/76)   Compressing objects:  34% (26/76)   Compressing objects:  35% (27/76)   Compressing objects:  36% (28/76)   Compressing objects:  38% (29/76)   Compressing objects:  39% (30/76)   Compressing objects:  40% (31/76)   Compressing objects:  42% (32/76)   Compressing objects:  43% (33/76)   Compressing objects:  44% (34/76)   Compressing objects:  46% (35/76)   Compressing objects:  47% (36/76)   Compressing objects:  48% (37/76)   Compressing objects:  50% (38/76)   Compressing objects:  51% (39/76)   Compressing objects:  52% (40/76)   Compressing objects:  53% (41/76)   Compressing objects:  55% (42/76)   Compressing objects:  56% (43/76)   Compressing objects:  57% (44/76)   Compressing objects:  59% (45/76)   Compressing objects:  60% (46/76)   Compressing objects:  61% (47/76)   Compressing objects:  63% (48/76)   Compressing objects:  64% (49/76)   Compressing objects:  65% (50/76)   Compressing objects:  67% (51/76)   Compressing objects:  68% (52/76)   Compressing objects:  69% (53/76)   Compressing objects:  71% (54/76)   Compressing objects:  72% (55/76)   Compressing objects:  73% (56/76)   Compressing objects:  75% (57/76)   Compressing objects:  76% (58/76)   Compressing objects:  77% (59/76)   Compressing objects:  78% (60/76)   Compressing objects:  80% (61/76)   Compressing objects:  81% (62/76)   Compressing objects:  82% (63/76)   Compressing objects:  84% (64/76)   Compressing objects:  85% (65/76)   Compressing objects:  86% (66/76)   Compressing objects:  88% (67/76)   Compressing objects:  89% (68/76)   Compressing objects:  90% (69/76)   Compressing objects:  92% (70/76)   Compressing objects:  93% (71/76)   Compressing objects:  94% (72/76)   Compressing objects:  96% (73/76)   Compressing objects:  97% (74/76)   Compressing objects:  98% (75/76)   Compressing objects: 100% (76/76)   Compressing objects: 100% (76/76), done.
Writing objects:   1% (1/88)   Writing objects:   2% (2/88)   Writing objects:   3% (3/88)   Writing objects:   4% (4/88)   Writing objects:   5% (5/88)   Writing objects:   6% (6/88)   Writing objects:   7% (7/88)   Writing objects:   9% (8/88)   Writing objects:  10% (9/88)   Writing objects:  11% (10/88)   Writing objects:  12% (11/88)   Writing objects:  13% (12/88)   Writing objects:  14% (13/88)   Writing objects:  15% (14/88)   Writing objects:  17% (15/88)   Writing objects:  18% (16/88)   Writing objects:  19% (17/88)   Writing objects:  20% (18/88)   Writing objects:  21% (19/88)   Writing objects:  22% (20/88)   Writing objects:  23% (21/88)   Writing objects:  25% (22/88)   Writing objects:  26% (23/88)   Writing objects:  27% (24/88)   Writing objects:  29% (26/88)   Writing objects:  30% (27/88)   Writing objects:  31% (28/88)   Writing objects:  32% (29/88)   Writing objects:  35% (31/88)   Writing objects:  36% (32/88)   Writing objects:  37% (33/88)   Writing objects:  38% (34/88)   Writing objects:  39% (35/88)   Writing objects:  40% (36/88)   Writing objects:  42% (37/88)   Writing objects:  43% (38/88)   Writing objects:  44% (39/88)   Writing objects:  45% (40/88)   Writing objects:  46% (41/88)   Writing objects:  47% (42/88)   Writing objects:  48% (43/88)   Writing objects:  50% (44/88)   Writing objects:  51% (45/88)   Writing objects:  52% (46/88)   Writing objects:  53% (47/88)   Writing objects:  54% (48/88)   Writing objects:  55% (49/88)   Writing objects:  56% (50/88)   Writing objects:  57% (51/88)   Writing objects:  59% (52/88)   Writing objects:  60% (53/88)   Writing objects:  61% (54/88)   Writing objects:  62% (55/88)   Writing objects:  63% (56/88)   Writing objects:  64% (57/88)   Writing objects:  65% (58/88)   Writing objects:  67% (59/88)   Writing objects:  68% (60/88)   Writing objects:  69% (61/88)   Writing objects:  70% (62/88)   Writing objects:  71% (63/88)   Writing objects:  72% (64/88)   Writing objects:  73% (65/88)   Writing objects:  75% (66/88)   Writing objects:  76% (67/88)   Writing objects:  77% (68/88)   Writing objects:  78% (69/88)   Writing objects:  79% (70/88)   Writing objects:  80% (71/88)   Writing objects:  81% (72/88)   Writing objects:  82% (73/88)   Writing objects:  84% (74/88)   Writing objects:  85% (75/88)   Writing objects:  86% (76/88)   Writing objects:  87% (77/88)   Writing objects:  88% (78/88)   Writing objects:  89% (79/88)   Writing objects:  90% (80/88)   Writing objects:  92% (81/88)   Writing objects:  93% (82/88)   Writing objects:  94% (83/88)   Writing objects:  95% (84/88)   Writing objects:  96% (85/88)   Writing objects:  97% (86/88)   Writing objects:  98% (87/88)   Writing objects: 100% (88/88)   Writing objects: 100% (88/88), 119.07 KiB | 752.00 KiB/s, done.
Total 88 (delta 10), reused 0 (delta 0)
remote: Resolving deltas:   0% (0/10)[Kremote: Resolving deltas:  30% (3/10)[Kremote: Resolving deltas:  60% (6/10)[Kremote: Resolving deltas:  70% (7/10)[Kremote: Resolving deltas:  80% (8/10)[Kremote: Resolving deltas:  90% (9/10)[Kremote: Resolving deltas: 100% (10/10)[Kremote: Resolving deltas: 100% (10/10), done.[K
To https://github.com/lewkrr/web_portfolio.git
 + 644e49a...80c2a0d master -> master (forced update)
Branch 'master' set up to track remote branch 'master' from 'origin'.
]0;~/Dropbox/Career/Professional Development/website/Web_portfolio_tutorial[36mluke[m@[32mdhcp-v027-087:[33;1m~/Dropbox/Career/Professional Development/website/Web_portfolio_tutorial (master)[m$ git status
On branch master
Your branch is up to date with 'origin/master'.

Changes not staged for commit:
  (use "git add <file>..." to update what will be committed)
  (use "git checkout -- <file>..." to discard changes in working directory)

	[31mmodified:   .Rproj.user/77CFCD57/console06/48455EAF[m

no changes added to commit (use "git add" and/or "git commit -a")
]0;~/Dropbox/Career/Professional Development/website/Web_portfolio_tutorial[36mluke[m@[32mdhcp-v027-087:[33;1m~/Dropbox/Career/Professional Development/website/Web_portfolio_tutorial (master)[m$ [K[36mluke[m@[32mdhcp-v027-087:[33;1m~/Dropbox/Career/Professional Development/website/Web_portfolio_tutorial (master)[[m$ git status[C[C[C[C[Kdsdhjask[K[K[K[K[K[K[K[Kgit statuspush -u --force  origin master[C[C[C[C[C[C[C[C[C[C[C[C[C[C-force[Ku --force  origin master[C[C[C[C[C[C[C[Cstatus[K[C[C[C[C[K
]0;~/Dropbox/Career/Professional Development/website/Web_portfolio_tutorial[36mluke[m@[32mdhcp-v027-087:[33;1m~/Dropbox/Career/Professional Development/website/Web_portfolio_tutorial (masterr)[m$ git add . 
