
The default interactive shell is now zsh.
To update your account to use zsh, please run `chsh -s /bin/zsh`.
For more details, please visit https://support.apple.com/kb/HT208050.
]0;~/Dropbox/Career/Professional Development/website/Web_portfolio_tutorial[?1034h[36mluke[m@[32mdhcp-v027-087:[33;1m~/Dropbox/Career/Professional Development/website/Web_portfolio_tutorial[m$ ll
total 12
-rw-r--r-- 1 luke staff  225 Nov 16 10:47 Web_portfolio_tutorial.Rproj
-rw-r--r-- 1 luke staff 1004 Nov 16 10:47 config.toml
drwxr-xr-x 4 luke staff  128 Nov 16 10:47 [0m[01;34mcontent[0m
-rw-r--r-- 1 luke staff   39 Nov 16 10:47 index.Rmd
drwxr-xr-x 3 luke staff   96 Nov 16 10:47 [01;34mresources[0m
drwxr-xr-x 3 luke staff   96 Nov 16 10:47 [01;34mstatic[0m
drwxr-xr-x 3 luke staff   96 Nov 16 10:47 [01;34mthemes[0m
]0;~/Dropbox/Career/Professional Development/website/Web_portfolio_tutorial[36mluke[m@[32mdhcp-v027-087:[33;1m~/Dropbox/Career/Professional Development/website/Web_portfolio_tutorial[m$ echo "# Text to put  in README" >> README.md
]0;~/Dropbox/Career/Professional Development/website/Web_portfolio_tutorial[36mluke[m@[32mdhcp-v027-087:[33;1m~/Dropbox/Career/Professional Development/website/Web_portfolio_tutorial[m$ ll
total 16
-rw-r--r-- 1 luke staff   24 Nov 16 10:56 README.md
-rw-r--r-- 1 luke staff  225 Nov 16 10:47 Web_portfolio_tutorial.Rproj
-rw-r--r-- 1 luke staff 1004 Nov 16 10:47 config.toml
drwxr-xr-x 4 luke staff  128 Nov 16 10:47 [0m[01;34mcontent[0m
-rw-r--r-- 1 luke staff   39 Nov 16 10:47 index.Rmd
drwxr-xr-x 3 luke staff   96 Nov 16 10:47 [01;34mresources[0m
drwxr-xr-x 3 luke staff   96 Nov 16 10:47 [01;34mstatic[0m
drwxr-xr-x 3 luke staff   96 Nov 16 10:47 [01;34mthemes[0m
]0;~/Dropbox/Career/Professional Development/website/Web_portfolio_tutorial[36mluke[m@[32mdhcp-v027-087:[33;1m~/Dropbox/Career/Professional Development/website/Web_portfolio_tutorial[m$ git init
xcrun: error: invalid active developer path (/Library/Developer/CommandLineTools), missing xcrun at: /Library/Developer/CommandLineTools/usr/bin/xcrun
]0;~/Dropbox/Career/Professional Development/website/Web_portfolio_tutorial[36mluke[m@[32mdhcp-v027-087:[33;1m~/Dropbox/Career/Professional Development/website/Web_portfolio_tutorial[m$ xcode-select --inst all
xcode-select: note: install requested for command line developer tools
]0;~/Dropbox/Career/Professional Development/website/Web_portfolio_tutorial[36mluke[m@[32mdhcp-v027-087:[33;1m~/Dropbox/Career/Professional Development/website/Web_portfolio_tutorial[m$ xcode-select --instaall[A[36mluke[m@[32mdhcp-v027-087:[33;1m~/Dropbox/Career/Professional Development/website/Web_portfolio_tutorial[m$ [11Pgit init
[K[A[C[C[C[C[C[C[C[C[C[C[C[C[C[C[C[C[C[C[C[C[C[C[C[C[C[C[C[C[C[C[C[C[C[C[C[C[C[C[C[C[C[C[C[C[C[C[C[C[C[C[C[C[C[C[C[C[C[C[C[C[C[C[C[C[C[C[C[C[C[C[C[C[C[C[C[C[C[C[C[C[C[C[C[C[C[C[C[C[C[C[C[C[C[C[C[C[C[C[C[C[C
Initialized empty Git repository in /Users/luke/Dropbox/Career/Professional Development/website/Web_portfolio_tutorial/.git/
]0;~/Dropbox/Career/Professional Development/website/Web_portfolio_tutorial[36mluke[m@[32mdhcp-v027-087:[33;1m~/Dropbox/Career/Professional Development/website/Web_portfolio_tutorial[m$ git initxcode-select --instaall[A[36mluke[m@[32mdhcp-v027-087:[33;1m~/Dropbox/Career/Professional Development/website/Web_portfolio_tutorial[m$ [11Pgit init
[K[A[C[C[C[C[C[C[C[C[C[C[C[C[C[C[C[C[C[C[C[C[C[C[C[C[C[C[C[C[C[C[C[C[C[C[C[C[C[C[C[C[C[C[C[C[C[C[C[C[C[C[C[C[C[C[C[C[C[C[C[C[C[C[C[C[C[C[C[C[C[C[C[C[C[C[C[C[C[C[C[C[C[C[C[C[C[C[C[C[C[C[C[C[C[C[C[C[C[C[C[C[C[Kgit add .
]0;~/Dropbox/Career/Professional Development/website/Web_portfolio_tutorial[36mluke[m@[32mdhcp-v027-087:[33;1m~/Dropbox/Career/Professional Development/website/Web_portfolio_tutorial[m$ git commit -m "firs t commit"
[master (root-commit) 5fe76d4] first commit
 48 files changed, 996 insertions(+)
 create mode 100644 .Rproj.user/77CFCD57/console06/48455EAF
 create mode 100644 .Rproj.user/77CFCD57/console06/48455EAF.env
 create mode 100644 .Rproj.user/77CFCD57/console06/INDEX001
 create mode 100644 .Rproj.user/77CFCD57/sources/prop/4E179002
 create mode 100644 .Rproj.user/77CFCD57/sources/prop/INDEX
 create mode 100644 .Rproj.user/77CFCD57/sources/s-A959D92C/D81A9B2B
 create mode 100644 .Rproj.user/77CFCD57/sources/s-A959D92C/D81A9B2B-contents
 create mode 100644 .Rproj.user/77CFCD57/sources/s-A959D92C/lock_file
 create mode 100644 .Rproj.user/shared/notebooks/patch-chunk-names
 create mode 100644 README.md
 create mode 100644 Web_portfolio_tutorial.Rproj
 create mode 100644 config.toml
 create mode 100644 content/about.md
 create mode 100644 content/post/2015-01-01-lorem-ipsum.md
 create mode 100644 content/post/2015-07-23-r-rmarkdown.Rmd
 create mode 100644 content/post/2016-12-30-hello-markdown.md
 create mode 100644 index.Rmd
 create mode 100644 static/.gitkeep
 create mode 100644 themes/hugo-lithium/.gitignore
 create mode 100644 themes/hugo-lithium/LICENSE.md
 create mode 100644 themes/hugo-lithium/README.md
 create mode 100644 themes/hugo-lithium/archetypes/default.md
 create mode 100644 themes/hugo-lithium/exampleSite/config.toml
 create mode 100644 themes/hugo-lithium/exampleSite/content/about.md
 create mode 100644 themes/hugo-lithium/exampleSite/content/post/2015-01-01-lorem-ipsum.md
 create mode 100644 themes/hugo-lithium/exampleSite/content/post/2016-12-30-hello-markdown.md
 create mode 100644 themes/hugo-lithium/exampleSite/static/.gitkeep
 create mode 100644 themes/hugo-lithium/layouts/_default/list.html
 create mode 100644 themes/hugo-lithium/layouts/_default/single.html
 create mode 100644 themes/hugo-lithium/layouts/partials/disqus.html
 create mode 100644 themes/hugo-lithium/layouts/partials/footer.html
 create mode 100644 themes/hugo-lithium/layouts/partials/footer_highlightjs.html
 create mode 100644 themes/hugo-lithium/layouts/partials/footer_mathjax.html
 create mode 100644 themes/hugo-lithium/layouts/partials/head.html
 create mode 100644 themes/hugo-lithium/layouts/partials/head_custom.html
 create mode 100644 themes/hugo-lithium/layouts/partials/head_highlightjs.html
 create mode 100644 themes/hugo-lithium/layouts/partials/header.html
 create mode 100644 themes/hugo-lithium/layouts/partials/nav.html
 create mode 100644 themes/hugo-lithium/static/css/fonts.css
 create mode 100644 themes/hugo-lithium/static/css/main.css
 create mode 100644 themes/hugo-lithium/static/favicon.ico
 create mode 100644 themes/hugo-lithium/static/fonts/lato-v11-latin-regular.woff
 create mode 100644 themes/hugo-lithium/static/fonts/lato-v11-latin-regular.woff2
 create mode 100644 themes/hugo-lithium/static/fonts/merriweather-v13-latin-regular.woff
 create mode 100644 themes/hugo-lithium/static/fonts/merriweather-v13-latin-regular.woff2
 create mode 100644 themes/hugo-lithium/static/images/hugo-logo.png
 create mode 100644 themes/hugo-lithium/static/images/logo.png
 create mode 100644 themes/hugo-lithium/static/js/math-code.js
]0;~/Dropbox/Career/Professional Development/website/Web_portfolio_tutorial[36mluke[m@[32mdhcp-v027-087:[33;1m~/Dropbox/Career/Professional Development/website/Web_portfolio_tutorial (master)[m$ [K[36mluke[m@[32mdhcp-v027-087:[33;1m~/Dropbox/Career/Professional Development/website/Web_portfolio_tutorial (master)[m$ [K[36mluke[m@[32mdhcp-v027-087:[33;1m~/Dropbox/Career/Professional Development/website/Web_portfolio_tutorial (master)[m$ git commit -m "first commmit"[A[36mluke[m@[32mdhcp-v027-087:[33;1m~/Dropbox/Career/Professional Development/website/Web_portfolio_tutorial (master)[m$ [K
[K[A[C[C[C[C[C[C[C[C[C[C[C[C[C[C[C[C[C[C[C[C[C[C[C[C[C[C[C[C[C[C[C[C[C[C[C[C[C[C[C[C[C[C[C[C[C[C[C[C[C[C[C[C[C[C[C[C[C[C[C[C[C[C[C[C[C[C[C[C[C[C[C[C[C[C[C[C[C[C[C[C[C[C[C[C[C[C[C[C[C[C[C[C[C[C[C[C[C[C[C[C[C[C[K[36mluke[m@[32mdhcp-v027-087:[33;1m~/Dropbox/Career/Professional Development/website/Web_portfolio_tutorial (master)[m$ git commit -m "first commit"[Kgit remote add origin https://github. com/lewkrr/web_portfolio.git
]0;~/Dropbox/Career/Professional Development/website/Web_portfolio_tutorial[36mluke[m@[32mdhcp-v027-087:[33;1m~/Dropbox/Career/Professional Development/website/Web_portfolio_tutorial (master)[m$ git push -u origin master
remote: Invalid username or password.
fatal: Authentication failed for 'https://github.com/lewkrr/web_portfolio.git/'
]0;~/Dropbox/Career/Professional Development/website/Web_portfolio_tutorial[36mluke[m@[32mdhcp-v027-087:[33;1m~/Dropbox/Career/Professional Development/website/Web_portfolio_tutorial (master)[m$ git push -u origin masterremote add origin https://github.ccom/lewkrr/web_portfolio.git[A[36mluke[m@[32mdhcp-v027-087:[33;1m~/Dropbox/Career/Professional Development/website/Web_portfolio_tutorial (master)[m$ [C[C[C[C[12Ppush -u origin master
[K[A[C[C[C[C[C[C[C[C[C[C[C[C[C[C[C[C[C[C[C[C[C[C[C[C[C[C[C[C[C[C[C[C[C[C[C[C[C[C[C[C[C[C[C[C[C[C[C[C[C[C[C[C[C[C[C[C[C[C[C[C[C[C[C[C[C[C[C[C[C[C[C[C[C[C[C[C[C[C[C[C[C[C[C[C[C[C[C[C[C[C[C[C[C[C[C[C[C[C[C[C[C[C[C[C[C[C[C[C[C[C[C[C[C[C[C[C[C[C[C[C[C[C[C[C[C[C[C
error: cannot run rpostback-askpass: No such file or directory
Username for 'https://github.com': lklei     lewkrr
error: cannot run rpostback-askpass: No such file or directory
Password for 'https://lewkrr@github.com': 
remote: Invalid username or password.
fatal: Authentication failed for 'https://github.com/lewkrr/web_portfolio.git/'
]0;~/Dropbox/Career/Professional Development/website/Web_portfolio_tutorial[36mluke[m@[32mdhcp-v027-087:[33;1m~/Dropbox/Career/Professional Development/website/Web_portfolio_tutorial (master)[m$ git push -u origin master
error: cannot run rpostback-askpass: No such file or directory
Username for 'https://github.com': lewkrr
error: cannot run rpostback-askpass: No such file or directory
Password for 'https://lewkrr@github.com': 
To https://github.com/lewkrr/web_portfolio.git
 [31m! [rejected]       [m master -> master (fetch first)
[31merror: failed to push some refs to 'https://github.com/lewkrr/web_portfolio.git'
[m[33mhint: Updates were rejected because the remote contains work that you do[m
[33mhint: not have locally. This is usually caused by another repository pushing[m
[33mhint: to the same ref. You may want to first integrate the remote changes[m
[33mhint: (e.g., 'git pull ...') before pushing again.[m
[33mhint: See the 'Note about fast-forwards' in 'git push --help' for details.[m
]0;~/Dropbox/Career/Professional Development/website/Web_portfolio_tutorial[36mluke[m@[32mdhcp-v027-087:[33;1m~/Dropbox/Career/Professional Development/website/Web_portfolio_tutorial (master)[m$ git push -u origin master[K[K[K[K[K[K[K[K[K[K[K[K[K[K[K[K[K[K[K[Kull
warning: no common commits
remote: Enumerating objects: 3, done.[K
remote: Counting objects:  33% (1/3)[Kremote: Counting objects:  66% (2/3)[Kremote: Counting objects: 100% (3/3)[Kremote: Counting objects: 100% (3/3), done.[K
remote: Total 3 (delta 0), reused 0 (delta 0), pack-reused 0[K
Unpacking objects:  33% (1/3)   Unpacking objects:  66% (2/3)   Unpacking objects: 100% (3/3)   Unpacking objects: 100% (3/3), done.
From https://github.com/lewkrr/web_portfolio
 * [new branch]      master     -> origin/master
There is no tracking information for the current branch.
Please specify which branch you want to merge with.
See git-pull(1) for details.

    git pull <remote> <branch>

If you wish to set tracking information for this branch you can do so with:

    git branch --set-upstream-to=origin/<branch> master

]0;~/Dropbox/Career/Professional Development/website/Web_portfolio_tutorial[36mluke[m@[32mdhcp-v027-087:[33;1m~/Dropbox/Career/Professional Development/website/Web_portfolio_tutorial (master)[m$ git pullsh -u origin master
To https://github.com/lewkrr/web_portfolio.git
 [31m! [rejected]       [m master -> master (non-fast-forward)
[31merror: failed to push some refs to 'https://github.com/lewkrr/web_portfolio.git'
[m[33mhint: Updates were rejected because the tip of your current branch is behind[m
[33mhint: its remote counterpart. Integrate the remote changes (e.g.[m
[33mhint: 'git pull ...') before pushing again.[m
[33mhint: See the 'Note about fast-forwards' in 'git push --help' for details.[m
]0;~/Dropbox/Career/Professional Development/website/Web_portfolio_tutorial[36mluke[m@[32mdhcp-v027-087:[33;1m~/Dropbox/Career/Professional Development/website/Web_portfolio_tutorial (master)[m$ git push -u origin masterll[Ksh -u origin masterremote add origin https://github.ccom/lewkrr/web_portfolio.git[A[36mluke[m@[32mdhcp-v027-087:[33;1m~/Dropbox/Career/Professional Development/website/Web_portfolio_tutorial (master)[m$ [C[C[C[C[9Pcommit -m "first commit"
[K[A[C[C[C[C[C[C[C[C[C[C[C[C[C[C[C[C[C[C[C[C[C[C[C[C[C[C[C[C[C[C[C[C[C[C[C[C[C[C[C[C[C[C[C[C[C[C[C[C[C[C[C[C[C[C[C[C[C[C[C[C[C[C[C[C[C[C[C[C[C[C[C[C[C[C[C[C[C[C[C[C[C[C[C[C[C[C[C[C[C[C[C[C[C[C[C[C[C[C[C[C[C[C[C[C[C[C[C[C[C[C[C[C[C[C[C[C[C[C[C[C[C[C[C[C[C[C[C[C[C[Cadd .[K
]0;~/Dropbox/Career/Professional Development/website/Web_portfolio_tutorial[36mluke[m@[32mdhcp-v027-087:[33;1m~/Dropbox/Career/Professional Development/website/Web_portfolio_tutorial (master)[m$ git add .push -u origin masterll[Ksh -u origin masterremote add origin https://github.ccom/lewkrr/web_portfolio.git[A[36mluke[m@[32mdhcp-v027-087:[33;1m~/Dropbox/Career/Professional Development/website/Web_portfolio_tutorial (master)[m$ [C[C[C[C[9Pcommit -m "first commit"
[K[A[C[C[C[C[C[C[C[C[C[C[C[C[C[C[C[C[C[C[C[C[C[C[C[C[C[C[C[C[C[C[C[C[C[C[C[C[C[C[C[C[C[C[C[C[C[C[C[C[C[C[C[C[C[C[C[C[C[C[C[C[C[C[C[C[C[C[C[C[C[C[C[C[C[C[C[C[C[C[C[C[C[C[C[C[C[C[C[C[C[C[C[C[C[C[C[C[C[C[C[C[C[C[C[C[C[C[C[C[C[C[C[C[C[C[C[C[C[C[C[C[C[C[C[C[C[C[C[C[C[C "2"
[master 1d876ae] first commit 2
 2 files changed, 106 insertions(+), 1 deletion(-)
]0;~/Dropbox/Career/Professional Development/website/Web_portfolio_tutorial[36mluke[m@[32mdhcp-v027-087:[33;1m~/Dropbox/Career/Professional Development/website/Web_portfolio_tutorial (master)[m$ git commit -m "first commit 2"add .[Kpush -u origin master
To https://github.com/lewkrr/web_portfolio.git
 [31m! [rejected]       [m master -> master (non-fast-forward)
[31merror: failed to push some refs to 'https://github.com/lewkrr/web_portfolio.git'
[m[33mhint: Updates were rejected because the tip of your current branch is behind[m
[33mhint: its remote counterpart. Integrate the remote changes (e.g.[m
[33mhint: 'git pull ...') before pushing again.[m
[33mhint: See the 'Note about fast-forwards' in 'git push --help' for details.[m
]0;~/Dropbox/Career/Professional Development/website/Web_portfolio_tutorial[36mluke[m@[32mdhcp-v027-087:[33;1m~/Dropbox/Career/Professional Development/website/Web_portfolio_tutorial (master)[m$ git push -u origin mastercommit -m "first commit 2"add .[Kpush -u origin masterll[K
remote: Enumerating objects: 3, done.[K
remote: Counting objects:  33% (1/3)[Kremote: Counting objects:  66% (2/3)[Kremote: Counting objects: 100% (3/3)[Kremote: Counting objects: 100% (3/3), done.[K
remote: Total 2 (delta 0), reused 0 (delta 0), pack-reused 0[K
Unpacking objects:  50% (1/2)   Unpacking objects: 100% (2/2)   Unpacking objects: 100% (2/2), done.
From https://github.com/lewkrr/web_portfolio
   a7ac183..644e49a  master     -> origin/master
There is no tracking information for the current branch.
Please specify which branch you want to merge with.
See git-pull(1) for details.

    git pull <remote> <branch>

If you wish to set tracking information for this branch you can do so with:

    git branch --set-upstream-to=origin/<branch> master

]0;~/Dropbox/Career/Professional Development/website/Web_portfolio_tutorial[36mluke[m@[32mdhcp-v027-087:[33;1m~/Dropbox/Career/Professional Development/website/Web_portfolio_tutorial (master)[m$ git pullsh -u origin mastercommit -m "first commit 2"add .[Kpush -u origin masterll[Ksh -u origin masteradd .[K
]0;~/Dropbox/Career/Professional Development/website/Web_portfolio_tutorial[36mluke[m@[32mdhcp-v027-087:[33;1m~/Dropbox/Career/Professional Development/website/Web_portfolio_tutorial (master)[m$ git add .[1Ppullsh -u origin master
To https://github.com/lewkrr/web_portfolio.git
 [31m! [rejected]       [m master -> master (non-fast-forward)
[31merror: failed to push some refs to 'https://github.com/lewkrr/web_portfolio.git'
[m[33mhint: Updates were rejected because the tip of your current branch is behind[m
[33mhint: its remote counterpart. Integrate the remote changes (e.g.[m
[33mhint: 'git pull ...') before pushing again.[m
[33mhint: See the 'Note about fast-forwards' in 'git push --help' for details.[m
]0;~/Dropbox/Career/Professional Development/website/Web_portfolio_tutorial[36mluke[m@[32mdhcp-v027-087:[33;1m~/Dropbox/Career/Professional Development/website/Web_portfolio_tutorial (master)[m$ git push -u origin masteradd .[K[1Ppullsh -u origin mastercommit -m "first commit 2"add .[Kcommit -m "first commit 2"
[master 0ebc95a] first commit 2
 1 file changed, 30 insertions(+)
]0;~/Dropbox/Career/Professional Development/website/Web_portfolio_tutorial[36mluke[m@[32mdhcp-v027-087:[33;1m~/Dropbox/Career/Professional Development/website/Web_portfolio_tutorial (master)[m$ git commit -m "first commit 2"[5Ppush -u origin masteradd .[K[1Ppulladd .
]0;~/Dropbox/Career/Professional Development/website/Web_portfolio_tutorial[36mluke[m@[32mdhcp-v027-087:[33;1m~/Dropbox/Career/Professional Development/website/Web_portfolio_tutorial (master)[m$ git add .commit -m "first commit 2"[5Ppush -u origin masteradd .[K[1Ppullsh -u origin masterll[K
There is no tracking information for the current branch.
Please specify which branch you want to merge with.
See git-pull(1) for details.

    git pull <remote> <branch>

If you wish to set tracking information for this branch you can do so with:

    git branch --set-upstream-to=origin/<branch> master

]0;~/Dropbox/Career/Professional Development/website/Web_portfolio_tutorial[36mluke[m@[32mdhcp-v027-087:[33;1m~/Dropbox/Career/Professional Development/website/Web_portfolio_tutorial (master)[m$ git pulladd .commit -m "first commit 2"add .[K